// Jest Snapshot v1, https://goo.gl/fbAQLP

exports[`export should export composed component 1`] = `
<div>
  <Component />
</div>
`;
