// Jest Snapshot v1, https://goo.gl/fbAQLP

exports[`rendering should match snapshot 1`] = `
<Shadow
  className="container"
  depth="1"
>
  <Collapsible
    isDefaultClosed={true}
  >
    <Component />
  </Collapsible>
</Shadow>
`;
