// Jest Snapshot v1, https://goo.gl/fbAQLP

exports[`\`encodeToUrl\` should match snapshot 1`] = `"foo-previous-search=far-search&query=eyJmb28iOiJiYXIifQ%3D%3D"`;
