// Jest Snapshot v1, https://goo.gl/fbAQLP

exports[`rendering should match snapshot 1`] = `
<div
  addLineItem={[Function]}
  changeLineItemQuantity={[Function]}
  convertedQuote={[Function]}
  createQuote={[Function]}
  isLoading={false}
  removeLineItem={[Function]}
/>
`;
