// Jest Snapshot v1, https://goo.gl/fbAQLP

exports[`rendering outputs correct tree 1`] = `
<div
  className="shadow-1 foo-style"
>
  <span>
    foo
  </span>
</div>
`;
